Manually loading mesh mesh1.mm
Manually loading mesh mesh2.mm
Manually loading mesh mesh3.mm
