Cell types:
\ / \ / 
/ \ / \ 
\ / \ / 
/ \ / \ 

Full index list:
0
6
5
0
1
6
1
2
6
6
2
7
2
8
7
2
3
8
3
4
8
8
4
9
5
6
10
10
6
11
6
12
11
6
7
12
7
8
12
12
8
13
8
14
13
8
9
14
